<html>
<body>
<pre>
<h1>µVision Build Log</h1>
<h2>Project:</h2>
C:\Keil\Lab8_v2\Lab5.uvproj
Project File Date:  04/03/2017

<h2>Output:</h2>
Rebuild target 'Lab5'
assembling startup.s...
compiling DAC.c...
compiling main.c...
compiling Music.c...
compiling PLL.c...
compiling Switch.c...
compiling SysTick.c...
compiling Timer.c...
compiling Sensors.c...
compiling ST7735.c...
linking...
Program Size: Code=3988 RO-data=2052 RW-data=48 ZI-data=1136  
".\PeriodicTimer0AInts.axf" - 0 Error(s), 0 Warning(s).
</pre>
</body>
</html>
